* installing *source* package ‘gloBFPr’ ...
** this is package ‘gloBFPr’ version ‘2.0.0’
** using staged installation
** libs
using C++ compiler: ‘Apple clang version 15.0.0 (clang-1500.3.9.4)’
using SDK: ‘MacOSX14.5.sdk’
clang++ -arch arm64 -std=gnu++17 -I"/Library/Frameworks/R.framework/Resources/include" -DNDEBUG  -I'/Library/Frameworks/R.framework/Versions/4.5-arm64/Resources/library/Rcpp/include' -I/opt/R/arm64/include    -fPIC  -falign-functions=64 -Wall -g -O2   -c RcppExports.cpp -o RcppExports.o
clang++ -arch arm64 -std=gnu++17 -I"/Library/Frameworks/R.framework/Resources/include" -DNDEBUG  -I'/Library/Frameworks/R.framework/Versions/4.5-arm64/Resources/library/Rcpp/include' -I/opt/R/arm64/include    -fPIC  -falign-functions=64 -Wall -g -O2   -c allocate_population.cpp -o allocate_population.o
clang++ -arch arm64 -std=gnu++17 -I"/Library/Frameworks/R.framework/Resources/include" -DNDEBUG  -I'/Library/Frameworks/R.framework/Versions/4.5-arm64/Resources/library/Rcpp/include' -I/opt/R/arm64/include    -fPIC  -falign-functions=64 -Wall -g -O2   -c mean_pairwise_distance.cpp -o mean_pairwise_distance.o
clang++ -arch arm64 -std=gnu++17 -I"/Library/Frameworks/R.framework/Resources/include" -DNDEBUG  -I'/Library/Frameworks/R.framework/Versions/4.5-arm64/Resources/library/Rcpp/include' -I/opt/R/arm64/include    -fPIC  -falign-functions=64 -Wall -g -O2   -c nearest_green.cpp -o nearest_green.o
clang++ -arch arm64 -std=gnu++17 -I"/Library/Frameworks/R.framework/Resources/include" -DNDEBUG  -I'/Library/Frameworks/R.framework/Versions/4.5-arm64/Resources/library/Rcpp/include' -I/opt/R/arm64/include    -fPIC  -falign-functions=64 -Wall -g -O2   -c shadow_radiation.cpp -o shadow_radiation.o
clang++ -arch arm64 -std=gnu++17 -dynamiclib -Wl,-headerpad_max_install_names -undefined dynamic_lookup -L/Library/Frameworks/R.framework/Resources/lib -L/opt/R/arm64/lib -o gloBFPr.so RcppExports.o allocate_population.o mean_pairwise_distance.o nearest_green.o shadow_radiation.o -F/Library/Frameworks/R.framework/.. -framework R
installing to /Users/yangxiaohao/gloBFPr/gloBFPr.Rcheck/00LOCK-gloBFPr/00new/gloBFPr/libs
** R
** data
*** moving datasets to lazyload DB
** inst
** byte-compile and prepare package for lazy loading
** help
*** installing help indices
*** copying figures
** building package indices
** installing vignettes
** testing if installed package can be loaded from temporary location
** checking absolute paths in shared objects and dynamic libraries
** testing if installed package can be loaded from final location
** testing if installed package keeps a record of temporary installation path
* DONE (gloBFPr)
